1779367729.365968 client started (2478): version 3.4, socket /tmp/tmux-1000/default, protocol 8
1779367729.366015 on Linux 6.6.87.2-microsoft-standard-WSL2 #1 SMP PREEMPT_DYNAMIC Thu Jun  5 18:30:46 UTC 2025
1779367729.366025 using libevent 2.1.12-stable poll
1779367729.366027 using ncurses 6.4 20240113
1779367729.366041 flags are 0x18010000
1779367729.366058 socket is /tmp/tmux-1000/default
1779367729.366076 trying connect
1779367729.366099 connect failed: Connection refused
1779367729.366110 lock file is /tmp/tmux-1000/default.lock
1779367729.367011 flock succeeded
1779367729.367021 got lock (6)
1779367729.367036 trying connect
1779367729.367052 connect failed: Connection refused
1779367729.368374 add peer 0x5bbaaba6b270: 7 ((nil))
1779367729.369061 sending message 100 to peer 0x5bbaaba6b270 (4 bytes)
1779367729.369071 sending message 111 to peer 0x5bbaaba6b270 (8 bytes)
1779367729.369074 sending message 101 to peer 0x5bbaaba6b270 (15 bytes)
1779367729.369076 sending message 109 to peer 0x5bbaaba6b270 (4 bytes)
1779367729.369078 sending message 102 to peer 0x5bbaaba6b270 (11 bytes)
1779367729.369080 sending message 108 to peer 0x5bbaaba6b270 (37 bytes)
1779367729.369082 sending message 112 to peer 0x5bbaaba6b270 (58 bytes)
1779367729.369084 sending message 112 to peer 0x5bbaaba6b270 (5 bytes)
1779367729.369086 sending message 112 to peer 0x5bbaaba6b270 (5 bytes)
1779367729.369088 sending message 112 to peer 0x5bbaaba6b270 (6 bytes)
1779367729.369090 sending message 112 to peer 0x5bbaaba6b270 (6 bytes)
1779367729.369092 sending message 112 to peer 0x5bbaaba6b270 (11 bytes)
1779367729.369094 sending message 112 to peer 0x5bbaaba6b270 (10 bytes)
1779367729.369096 sending message 112 to peer 0x5bbaaba6b270 (13 bytes)
1779367729.369098 sending message 112 to peer 0x5bbaaba6b270 (14 bytes)
1779367729.369099 sending message 112 to peer 0x5bbaaba6b270 (19 bytes)
1779367729.369101 sending message 112 to peer 0x5bbaaba6b270 (11 bytes)
1779367729.369103 sending message 112 to peer 0x5bbaaba6b270 (10 bytes)
1779367729.369105 sending message 112 to peer 0x5bbaaba6b270 (15 bytes)
1779367729.369106 sending message 112 to peer 0x5bbaaba6b270 (21 bytes)
1779367729.369108 sending message 112 to peer 0x5bbaaba6b270 (13 bytes)
1779367729.369110 sending message 112 to peer 0x5bbaaba6b270 (7 bytes)
1779367729.369112 sending message 112 to peer 0x5bbaaba6b270 (13 bytes)
1779367729.369114 sending message 112 to peer 0x5bbaaba6b270 (7 bytes)
1779367729.369115 sending message 112 to peer 0x5bbaaba6b270 (13 bytes)
1779367729.369117 sending message 112 to peer 0x5bbaaba6b270 (9 bytes)
1779367729.369119 sending message 112 to peer 0x5bbaaba6b270 (21 bytes)
1779367729.369121 sending message 112 to peer 0x5bbaaba6b270 (13 bytes)
1779367729.369123 sending message 112 to peer 0x5bbaaba6b270 (9 bytes)
1779367729.369125 sending message 112 to peer 0x5bbaaba6b270 (16 bytes)
1779367729.369126 sending message 112 to peer 0x5bbaaba6b270 (13 bytes)
1779367729.369128 sending message 112 to peer 0x5bbaaba6b270 (9 bytes)
1779367729.369130 sending message 112 to peer 0x5bbaaba6b270 (9 bytes)
1779367729.369132 sending message 112 to peer 0x5bbaaba6b270 (12 bytes)
1779367729.369134 sending message 112 to peer 0x5bbaaba6b270 (8 bytes)
1779367729.369136 sending message 112 to peer 0x5bbaaba6b270 (8 bytes)
1779367729.369137 sending message 112 to peer 0x5bbaaba6b270 (13 bytes)
1779367729.369139 sending message 112 to peer 0x5bbaaba6b270 (7 bytes)
1779367729.369141 sending message 112 to peer 0x5bbaaba6b270 (7 bytes)
1779367729.369143 sending message 112 to peer 0x5bbaaba6b270 (9 bytes)
1779367729.369145 sending message 112 to peer 0x5bbaaba6b270 (9 bytes)
1779367729.369147 sending message 112 to peer 0x5bbaaba6b270 (15 bytes)
1779367729.369149 sending message 112 to peer 0x5bbaaba6b270 (13 bytes)
1779367729.369151 sending message 112 to peer 0x5bbaaba6b270 (12 bytes)
1779367729.369153 sending message 112 to peer 0x5bbaaba6b270 (8 bytes)
1779367729.369155 sending message 112 to peer 0x5bbaaba6b270 (14 bytes)
1779367729.369158 sending message 112 to peer 0x5bbaaba6b270 (11 bytes)
1779367729.369173 sending message 112 to peer 0x5bbaaba6b270 (9 bytes)
1779367729.369176 sending message 112 to peer 0x5bbaaba6b270 (10 bytes)
1779367729.369179 sending message 112 to peer 0x5bbaaba6b270 (10 bytes)
1779367729.369182 sending message 112 to peer 0x5bbaaba6b270 (10 bytes)
1779367729.369185 sending message 112 to peer 0x5bbaaba6b270 (10 bytes)
1779367729.369188 sending message 112 to peer 0x5bbaaba6b270 (11 bytes)
1779367729.369191 sending message 112 to peer 0x5bbaaba6b270 (12 bytes)
1779367729.369194 sending message 112 to peer 0x5bbaaba6b270 (12 bytes)
1779367729.369196 sending message 112 to peer 0x5bbaaba6b270 (12 bytes)
1779367729.369199 sending message 112 to peer 0x5bbaaba6b270 (12 bytes)
1779367729.369201 sending message 112 to peer 0x5bbaaba6b270 (12 bytes)
1779367729.369204 sending message 112 to peer 0x5bbaaba6b270 (11 bytes)
1779367729.369206 sending message 112 to peer 0x5bbaaba6b270 (11 bytes)
1779367729.369208 sending message 112 to peer 0x5bbaaba6b270 (12 bytes)
1779367729.369211 sending message 112 to peer 0x5bbaaba6b270 (12 bytes)
1779367729.369214 sending message 112 to peer 0x5bbaaba6b270 (12 bytes)
1779367729.369218 sending message 112 to peer 0x5bbaaba6b270 (12 bytes)
1779367729.369221 sending message 112 to peer 0x5bbaaba6b270 (12 bytes)
1779367729.369224 sending message 112 to peer 0x5bbaaba6b270 (9 bytes)
1779367729.369339 sending message 112 to peer 0x5bbaaba6b270 (12 bytes)
1779367729.369344 sending message 112 to peer 0x5bbaaba6b270 (13 bytes)
1779367729.369346 sending message 112 to peer 0x5bbaaba6b270 (13 bytes)
1779367729.369349 sending message 112 to peer 0x5bbaaba6b270 (13 bytes)
1779367729.369351 sending message 112 to peer 0x5bbaaba6b270 (13 bytes)
1779367729.369354 sending message 112 to peer 0x5bbaaba6b270 (13 bytes)
1779367729.369356 sending message 112 to peer 0x5bbaaba6b270 (8 bytes)
1779367729.369359 sending message 112 to peer 0x5bbaaba6b270 (11 bytes)
1779367729.369362 sending message 112 to peer 0x5bbaaba6b270 (11 bytes)
1779367729.369364 sending message 112 to peer 0x5bbaaba6b270 (11 bytes)
1779367729.369367 sending message 112 to peer 0x5bbaaba6b270 (12 bytes)
1779367729.369370 sending message 112 to peer 0x5bbaaba6b270 (12 bytes)
1779367729.369372 sending message 112 to peer 0x5bbaaba6b270 (12 bytes)
1779367729.369375 sending message 112 to peer 0x5bbaaba6b270 (12 bytes)
1779367729.369377 sending message 112 to peer 0x5bbaaba6b270 (13 bytes)
1779367729.369380 sending message 112 to peer 0x5bbaaba6b270 (13 bytes)
1779367729.369383 sending message 112 to peer 0x5bbaaba6b270 (13 bytes)
1779367729.369385 sending message 112 to peer 0x5bbaaba6b270 (8 bytes)
1779367729.369388 sending message 112 to peer 0x5bbaaba6b270 (13 bytes)
1779367729.369390 sending message 112 to peer 0x5bbaaba6b270 (13 bytes)
1779367729.369393 sending message 112 to peer 0x5bbaaba6b270 (13 bytes)
1779367729.369395 sending message 112 to peer 0x5bbaaba6b270 (13 bytes)
1779367729.369397 sending message 112 to peer 0x5bbaaba6b270 (13 bytes)
1779367729.369400 sending message 112 to peer 0x5bbaaba6b270 (12 bytes)
1779367729.369403 sending message 112 to peer 0x5bbaaba6b270 (12 bytes)
1779367729.369406 sending message 112 to peer 0x5bbaaba6b270 (12 bytes)
1779367729.369409 sending message 112 to peer 0x5bbaaba6b270 (12 bytes)
1779367729.369412 sending message 112 to peer 0x5bbaaba6b270 (13 bytes)
1779367729.369415 sending message 112 to peer 0x5bbaaba6b270 (8 bytes)
1779367729.369418 sending message 112 to peer 0x5bbaaba6b270 (13 bytes)
1779367729.369421 sending message 112 to peer 0x5bbaaba6b270 (13 bytes)
1779367729.369424 sending message 112 to peer 0x5bbaaba6b270 (13 bytes)
1779367729.369428 sending message 112 to peer 0x5bbaaba6b270 (13 bytes)
1779367729.369431 sending message 112 to peer 0x5bbaaba6b270 (13 bytes)
1779367729.369434 sending message 112 to peer 0x5bbaaba6b270 (13 bytes)
1779367729.369436 sending message 112 to peer 0x5bbaaba6b270 (13 bytes)
1779367729.369438 sending message 112 to peer 0x5bbaaba6b270 (12 bytes)
1779367729.369440 sending message 112 to peer 0x5bbaaba6b270 (12 bytes)
1779367729.369448 sending message 112 to peer 0x5bbaaba6b270 (12 bytes)
1779367729.369450 sending message 112 to peer 0x5bbaaba6b270 (8 bytes)
1779367729.369452 sending message 112 to peer 0x5bbaaba6b270 (12 bytes)
1779367729.369453 sending message 112 to peer 0x5bbaaba6b270 (13 bytes)
1779367729.369455 sending message 112 to peer 0x5bbaaba6b270 (13 bytes)
1779367729.369457 sending message 112 to peer 0x5bbaaba6b270 (13 bytes)
1779367729.369459 sending message 112 to peer 0x5bbaaba6b270 (13 bytes)
1779367729.369461 sending message 112 to peer 0x5bbaaba6b270 (13 bytes)
1779367729.369463 sending message 112 to peer 0x5bbaaba6b270 (13 bytes)
1779367729.369465 sending message 112 to peer 0x5bbaaba6b270 (13 bytes)
1779367729.369466 sending message 112 to peer 0x5bbaaba6b270 (13 bytes)
1779367729.369468 sending message 112 to peer 0x5bbaaba6b270 (12 bytes)
1779367729.369470 sending message 112 to peer 0x5bbaaba6b270 (10 bytes)
1779367729.369472 sending message 112 to peer 0x5bbaaba6b270 (12 bytes)
1779367729.369474 sending message 112 to peer 0x5bbaaba6b270 (12 bytes)
1779367729.369476 sending message 112 to peer 0x5bbaaba6b270 (12 bytes)
1779367729.369482 sending message 112 to peer 0x5bbaaba6b270 (13 bytes)
1779367729.369485 sending message 112 to peer 0x5bbaaba6b270 (13 bytes)
1779367729.369488 sending message 112 to peer 0x5bbaaba6b270 (13 bytes)
1779367729.369491 sending message 112 to peer 0x5bbaaba6b270 (13 bytes)
1779367729.369495 sending message 112 to peer 0x5bbaaba6b270 (13 bytes)
1779367729.369499 sending message 112 to peer 0x5bbaaba6b270 (13 bytes)
1779367729.369502 sending message 112 to peer 0x5bbaaba6b270 (13 bytes)
1779367729.369506 sending message 112 to peer 0x5bbaaba6b270 (10 bytes)
1779367729.369509 sending message 112 to peer 0x5bbaaba6b270 (13 bytes)
1779367729.369513 sending message 112 to peer 0x5bbaaba6b270 (12 bytes)
1779367729.369516 sending message 112 to peer 0x5bbaaba6b270 (12 bytes)
1779367729.369519 sending message 112 to peer 0x5bbaaba6b270 (12 bytes)
1779367729.369522 sending message 112 to peer 0x5bbaaba6b270 (10 bytes)
1779367729.369525 sending message 112 to peer 0x5bbaaba6b270 (10 bytes)
1779367729.369528 sending message 112 to peer 0x5bbaaba6b270 (10 bytes)
1779367729.369531 sending message 112 to peer 0x5bbaaba6b270 (12 bytes)
1779367729.369535 sending message 112 to peer 0x5bbaaba6b270 (13 bytes)
1779367729.369538 sending message 112 to peer 0x5bbaaba6b270 (13 bytes)
1779367729.369541 sending message 112 to peer 0x5bbaaba6b270 (13 bytes)
1779367729.369544 sending message 112 to peer 0x5bbaaba6b270 (13 bytes)
1779367729.369547 sending message 112 to peer 0x5bbaaba6b270 (13 bytes)
1779367729.369550 sending message 112 to peer 0x5bbaaba6b270 (10 bytes)
1779367729.369554 sending message 112 to peer 0x5bbaaba6b270 (11 bytes)
1779367729.369557 sending message 112 to peer 0x5bbaaba6b270 (12 bytes)
1779367729.369560 sending message 112 to peer 0x5bbaaba6b270 (12 bytes)
1779367729.369563 sending message 112 to peer 0x5bbaaba6b270 (12 bytes)
1779367729.369566 sending message 112 to peer 0x5bbaaba6b270 (12 bytes)
1779367729.369570 sending message 112 to peer 0x5bbaaba6b270 (12 bytes)
1779367729.369573 sending message 112 to peer 0x5bbaaba6b270 (11 bytes)
1779367729.369576 sending message 112 to peer 0x5bbaaba6b270 (12 bytes)
1779367729.369579 sending message 112 to peer 0x5bbaaba6b270 (12 bytes)
1779367729.369582 sending message 112 to peer 0x5bbaaba6b270 (13 bytes)
1779367729.369585 sending message 112 to peer 0x5bbaaba6b270 (13 bytes)
1779367729.369588 sending message 112 to peer 0x5bbaaba6b270 (13 bytes)
1779367729.369591 sending message 112 to peer 0x5bbaaba6b270 (13 bytes)
1779367729.369595 sending message 112 to peer 0x5bbaaba6b270 (13 bytes)
1779367729.369598 sending message 112 to peer 0x5bbaaba6b270 (10 bytes)
1779367729.369601 sending message 112 to peer 0x5bbaaba6b270 (9 bytes)
1779367729.369604 sending message 112 to peer 0x5bbaaba6b270 (12 bytes)
1779367729.369607 sending message 112 to peer 0x5bbaaba6b270 (13 bytes)
1779367729.369610 sending message 112 to peer 0x5bbaaba6b270 (13 bytes)
1779367729.369618 sending message 112 to peer 0x5bbaaba6b270 (13 bytes)
1779367729.369622 sending message 112 to peer 0x5bbaaba6b270 (13 bytes)
1779367729.369625 sending message 112 to peer 0x5bbaaba6b270 (13 bytes)
1779367729.369628 sending message 112 to peer 0x5bbaaba6b270 (9 bytes)
1779367729.369631 sending message 112 to peer 0x5bbaaba6b270 (12 bytes)
1779367729.369634 sending message 112 to peer 0x5bbaaba6b270 (13 bytes)
1779367729.369638 sending message 112 to peer 0x5bbaaba6b270 (13 bytes)
1779367729.369641 sending message 112 to peer 0x5bbaaba6b270 (13 bytes)
1779367729.369644 sending message 112 to peer 0x5bbaaba6b270 (13 bytes)
1779367729.369647 sending message 112 to peer 0x5bbaaba6b270 (13 bytes)
1779367729.369650 sending message 112 to peer 0x5bbaaba6b270 (11 bytes)
1779367729.369653 sending message 112 to peer 0x5bbaaba6b270 (12 bytes)
1779367729.369656 sending message 112 to peer 0x5bbaaba6b270 (13 bytes)
1779367729.369659 sending message 112 to peer 0x5bbaaba6b270 (13 bytes)
1779367729.369662 sending message 112 to peer 0x5bbaaba6b270 (13 bytes)
1779367729.369665 sending message 112 to peer 0x5bbaaba6b270 (13 bytes)
1779367729.369669 sending message 112 to peer 0x5bbaaba6b270 (13 bytes)
1779367729.369672 sending message 112 to peer 0x5bbaaba6b270 (11 bytes)
1779367729.369676 sending message 112 to peer 0x5bbaaba6b270 (12 bytes)
1779367729.369679 sending message 112 to peer 0x5bbaaba6b270 (12 bytes)
1779367729.369682 sending message 112 to peer 0x5bbaaba6b270 (12 bytes)
1779367729.369685 sending message 112 to peer 0x5bbaaba6b270 (12 bytes)
1779367729.369688 sending message 112 to peer 0x5bbaaba6b270 (12 bytes)
1779367729.369692 sending message 112 to peer 0x5bbaaba6b270 (21 bytes)
1779367729.369695 sending message 112 to peer 0x5bbaaba6b270 (12 bytes)
1779367729.369699 sending message 112 to peer 0x5bbaaba6b270 (9 bytes)
1779367729.369703 sending message 112 to peer 0x5bbaaba6b270 (6 bytes)
1779367729.369706 sending message 112 to peer 0x5bbaaba6b270 (13 bytes)
1779367729.369710 sending message 112 to peer 0x5bbaaba6b270 (10 bytes)
1779367729.369713 sending message 112 to peer 0x5bbaaba6b270 (24 bytes)
1779367729.369716 sending message 112 to peer 0x5bbaaba6b270 (13 bytes)
1779367729.369719 sending message 112 to peer 0x5bbaaba6b270 (9 bytes)
1779367729.369723 sending message 112 to peer 0x5bbaaba6b270 (70 bytes)
1779367729.369727 sending message 112 to peer 0x5bbaaba6b270 (69 bytes)
1779367729.369730 sending message 112 to peer 0x5bbaaba6b270 (12 bytes)
1779367729.369733 sending message 112 to peer 0x5bbaaba6b270 (10 bytes)
1779367729.369736 sending message 112 to peer 0x5bbaaba6b270 (10 bytes)
1779367729.369740 sending message 112 to peer 0x5bbaaba6b270 (24 bytes)
1779367729.369743 sending message 112 to peer 0x5bbaaba6b270 (13 bytes)
1779367729.369746 sending message 112 to peer 0x5bbaaba6b270 (10 bytes)
1779367729.369751 sending message 112 to peer 0x5bbaaba6b270 (10 bytes)
1779367729.369754 sending message 112 to peer 0x5bbaaba6b270 (10 bytes)
1779367729.369758 sending message 112 to peer 0x5bbaaba6b270 (13 bytes)
1779367729.369761 sending message 112 to peer 0x5bbaaba6b270 (15 bytes)
1779367729.369764 sending message 112 to peer 0x5bbaaba6b270 (5 bytes)
1779367729.369771 sending message 104 to peer 0x5bbaaba6b270 (0 bytes)
1779367729.369775 sending message 110 to peer 0x5bbaaba6b270 (0 bytes)
1779367729.369780 sending message 107 to peer 0x5bbaaba6b270 (4 bytes)
1779367729.369784 sending message 105 to peer 0x5bbaaba6b270 (16 bytes)
1779367729.369788 sending message 105 to peer 0x5bbaaba6b270 (24 bytes)
1779367729.369791 sending message 105 to peer 0x5bbaaba6b270 (23 bytes)
1779367729.369795 sending message 105 to peer 0x5bbaaba6b270 (48 bytes)
1779367729.369798 sending message 105 to peer 0x5bbaaba6b270 (21 bytes)
1779367729.369802 sending message 105 to peer 0x5bbaaba6b270 (41 bytes)
1779367729.369805 sending message 105 to peer 0x5bbaaba6b270 (16 bytes)
1779367729.369809 sending message 105 to peer 0x5bbaaba6b270 (19 bytes)
1779367729.369813 sending message 105 to peer 0x5bbaaba6b270 (13 bytes)
1779367729.369830 sending message 105 to peer 0x5bbaaba6b270 (34 bytes)
1779367729.369834 sending message 105 to peer 0x5bbaaba6b270 (1817 bytes)
1779367729.369859 sending message 105 to peer 0x5bbaaba6b270 (26 bytes)
1779367729.369863 sending message 105 to peer 0x5bbaaba6b270 (34 bytes)
1779367729.369866 sending message 105 to peer 0x5bbaaba6b270 (20 bytes)
1779367729.369870 sending message 105 to peer 0x5bbaaba6b270 (32 bytes)
1779367729.369873 sending message 105 to peer 0x5bbaaba6b270 (13 bytes)
1779367729.369876 sending message 105 to peer 0x5bbaaba6b270 (11 bytes)
1779367729.369880 sending message 105 to peer 0x5bbaaba6b270 (8 bytes)
1779367729.369884 sending message 105 to peer 0x5bbaaba6b270 (32 bytes)
1779367729.369887 sending message 105 to peer 0x5bbaaba6b270 (33 bytes)
1779367729.369890 sending message 105 to peer 0x5bbaaba6b270 (65 bytes)
1779367729.369894 sending message 105 to peer 0x5bbaaba6b270 (1985 bytes)
1779367729.369899 sending message 105 to peer 0x5bbaaba6b270 (54 bytes)
1779367729.369902 sending message 105 to peer 0x5bbaaba6b270 (16 bytes)
1779367729.369905 sending message 105 to peer 0x5bbaaba6b270 (40 bytes)
1779367729.369909 sending message 105 to peer 0x5bbaaba6b270 (53 bytes)
1779367729.369912 sending message 105 to peer 0x5bbaaba6b270 (16 bytes)
1779367729.369916 sending message 105 to peer 0x5bbaaba6b270 (21 bytes)
1779367729.369919 sending message 106 to peer 0x5bbaaba6b270 (0 bytes)
1779367729.370815 sending message 200 to peer 0x5bbaaba6b270 (4 bytes)
1779367729.370842 client loop enter
1779367729.370885 client_signal: Child exited
1779367729.406225 peer 0x5bbaaba6b270 message 207
1779367729.406233 sending message 208 to peer 0x5bbaaba6b270 (0 bytes)
1779367729.406636 client_signal: Window changed
1779367729.406644 sending message 208 to peer 0x5bbaaba6b270 (0 bytes)
1779367734.888480 peer 0x5bbaaba6b270 message 203
1779367734.888519 sending message 205 to peer 0x5bbaaba6b270 (0 bytes)
1779367734.889517 peer 0x5bbaaba6b270 message 204
1779367734.889533 client loop exit
